# DISC-TEMA I11 'du-di-c' unit 0 driving ND_SMD (register walk, GO, polling)
# Captured with -DND120_SMD_TRACE after the DELAY_TICKS fix: the GO at
# val=010005 (op M2) is followed by six polls showing active=1, then
# completion. Ground truth for what the real diagnostic emits.
[SMD] cyc=455963112 WR +1 val=177643 boot=0 cwr=0 mawff=1 wcwff=0
[SMD] cyc=455963244 RD +0 -> 177643 boot=0 active=0 rft=1
[SMD] cyc=455963388 RD +0 -> 000000 boot=0 active=0 rft=1
[SMD] cyc=455969652 WR +1 val=000000 boot=0 cwr=0 mawff=0 wcwff=0
[SMD] cyc=455969768 WR +1 val=177644 boot=0 cwr=0 mawff=1 wcwff=0
[SMD] cyc=455969900 RD +0 -> 177644 boot=0 active=0 rft=1
[SMD] cyc=455970044 RD +0 -> 000000 boot=0 active=0 rft=1
[SMD] cyc=455970547 WR +1 val=000000 boot=0 cwr=0 mawff=0 wcwff=0
[SMD] cyc=455970658 WR +1 val=177645 boot=0 cwr=0 mawff=1 wcwff=0
[SMD] cyc=455970796 RD +0 -> 177645 boot=0 active=0 rft=1
[SMD] cyc=455970940 RD +0 -> 000000 boot=0 active=0 rft=1
[SMD] cyc=455971443 WR +1 val=000000 boot=0 cwr=0 mawff=0 wcwff=0
[SMD] cyc=455971554 WR +1 val=177646 boot=0 cwr=0 mawff=1 wcwff=0
[SMD] cyc=455971686 RD +0 -> 177646 boot=0 active=0 rft=1
[SMD] cyc=455971838 RD +0 -> 000000 boot=0 active=0 rft=1
[SMD] cyc=455978110 WR +1 val=000000 boot=0 cwr=0 mawff=0 wcwff=0
[SMD] cyc=455978221 WR +1 val=177647 boot=0 cwr=0 mawff=1 wcwff=0
[SMD] cyc=455978353 RD +0 -> 177647 boot=0 active=0 rft=1
[SMD] cyc=455978504 RD +0 -> 000000 boot=0 active=0 rft=1
[SMD] cyc=455979007 WR +1 val=000000 boot=0 cwr=0 mawff=0 wcwff=0
[SMD] cyc=455979118 WR +1 val=177650 boot=0 cwr=0 mawff=1 wcwff=0
[SMD] cyc=455979250 RD +0 -> 177650 boot=0 active=0 rft=1
[SMD] cyc=455979394 RD +0 -> 000000 boot=0 active=0 rft=1
[SMD] cyc=455979902 WR +1 val=000000 boot=0 cwr=0 mawff=0 wcwff=0
[SMD] cyc=455980015 WR +1 val=177651 boot=0 cwr=0 mawff=1 wcwff=0
[SMD] cyc=455980147 RD +0 -> 177651 boot=0 active=0 rft=1
[SMD] cyc=455986054 RD +0 -> 000000 boot=0 active=0 rft=1
[SMD] cyc=455986558 WR +1 val=000000 boot=0 cwr=0 mawff=0 wcwff=0
[SMD] cyc=455986671 WR +1 val=177652 boot=0 cwr=0 mawff=1 wcwff=0
[SMD] cyc=455986803 RD +0 -> 177652 boot=0 active=0 rft=1
[SMD] cyc=455986947 RD +0 -> 000000 boot=0 active=0 rft=1
[SMD] cyc=455987452 WR +1 val=000000 boot=0 cwr=0 mawff=0 wcwff=0
[SMD] cyc=455987563 WR +1 val=177653 boot=0 cwr=0 mawff=1 wcwff=0
[SMD] cyc=455987697 RD +0 -> 177653 boot=0 active=0 rft=1
[SMD] cyc=455987841 RD +0 -> 000000 boot=0 active=0 rft=1
[SMD] cyc=455988350 WR +1 val=000000 boot=0 cwr=0 mawff=0 wcwff=0
[SMD] cyc=455994223 WR +1 val=177654 boot=0 cwr=0 mawff=1 wcwff=0
[SMD] cyc=455994357 RD +0 -> 177654 boot=0 active=0 rft=1
[SMD] cyc=455994501 RD +0 -> 000000 boot=0 active=0 rft=1
[SMD] cyc=455995006 WR +1 val=000000 boot=0 cwr=0 mawff=0 wcwff=0
[SMD] cyc=455995117 WR +1 val=177655 boot=0 cwr=0 mawff=1 wcwff=0
[SMD] cyc=455995249 RD +0 -> 177655 boot=0 active=0 rft=1
[SMD] cyc=455995400 RD +0 -> 000000 boot=0 active=0 rft=1
[SMD] cyc=455995903 WR +1 val=000000 boot=0 cwr=0 mawff=0 wcwff=0
[SMD] cyc=455996014 WR +1 val=177656 boot=0 cwr=0 mawff=1 wcwff=0
[SMD] cyc=455996146 RD +0 -> 177656 boot=0 active=0 rft=1
[SMD] cyc=455996290 RD +0 -> 000000 boot=0 active=0 rft=1
[SMD] cyc=456002558 WR +1 val=000000 boot=0 cwr=0 mawff=0 wcwff=0
[SMD] cyc=456002669 WR +1 val=177657 boot=0 cwr=0 mawff=1 wcwff=0
[SMD] cyc=456002801 RD +0 -> 177657 boot=0 active=0 rft=1
[SMD] cyc=456002945 RD +0 -> 000000 boot=0 active=0 rft=1
[SMD] cyc=456003454 WR +1 val=000000 boot=0 cwr=0 mawff=0 wcwff=0
[SMD] cyc=456003567 WR +1 val=177660 boot=0 cwr=0 mawff=1 wcwff=0
[SMD] cyc=456003699 RD +0 -> 177660 boot=0 active=0 rft=1
[SMD] cyc=456003843 RD +0 -> 000000 boot=0 active=0 rft=1
[SMD] cyc=456004348 WR +1 val=000000 boot=0 cwr=0 mawff=0 wcwff=0
[SMD] cyc=456004459 WR +1 val=177661 boot=0 cwr=0 mawff=1 wcwff=0
[SMD] cyc=456004593 RD +0 -> 177661 boot=0 active=0 rft=1
[SMD] cyc=456004737 RD +0 -> 000000 boot=0 active=0 rft=1
[SMD] cyc=456011004 WR +1 val=000000 boot=0 cwr=0 mawff=0 wcwff=0
[SMD] cyc=456011115 WR +1 val=177662 boot=0 cwr=0 mawff=1 wcwff=0
[SMD] cyc=456011249 RD +0 -> 177662 boot=0 active=0 rft=1
[SMD] cyc=456011393 RD +0 -> 000000 boot=0 active=0 rft=1
[SMD] cyc=456011902 WR +1 val=000000 boot=0 cwr=0 mawff=0 wcwff=0
[SMD] cyc=456012013 WR +1 val=177663 boot=0 cwr=0 mawff=1 wcwff=0
[SMD] cyc=456012145 RD +0 -> 177663 boot=0 active=0 rft=1
[SMD] cyc=456012296 RD +0 -> 000000 boot=0 active=0 rft=1
[SMD] cyc=456012799 WR +1 val=000000 boot=0 cwr=0 mawff=0 wcwff=0
[SMD] cyc=456012910 WR +1 val=177664 boot=0 cwr=0 mawff=1 wcwff=0
[SMD] cyc=456013042 RD +0 -> 177664 boot=0 active=0 rft=1
[SMD] cyc=456018950 RD +0 -> 000000 boot=0 active=0 rft=1
[SMD] cyc=456019453 WR +1 val=000000 boot=0 cwr=0 mawff=0 wcwff=0
[SMD] cyc=456019564 WR +1 val=177665 boot=0 cwr=0 mawff=1 wcwff=0
[SMD] cyc=456019696 RD +0 -> 177665 boot=0 active=0 rft=1
[SMD] cyc=456019840 RD +0 -> 000000 boot=0 active=0 rft=1
[SMD] cyc=456020350 WR +1 val=000000 boot=0 cwr=0 mawff=0 wcwff=0
[SMD] cyc=456020463 WR +1 val=177666 boot=0 cwr=0 mawff=1 wcwff=0
[SMD] cyc=456020595 RD +0 -> 177666 boot=0 active=0 rft=1
[SMD] cyc=456020739 RD +0 -> 000000 boot=0 active=0 rft=1
[SMD] cyc=456021244 WR +1 val=000000 boot=0 cwr=0 mawff=0 wcwff=0
[SMD] cyc=456021355 WR +1 val=177667 boot=0 cwr=0 mawff=1 wcwff=0
[SMD] cyc=456027249 RD +0 -> 177667 boot=0 active=0 rft=1
[SMD] cyc=456027393 RD +0 -> 000000 boot=0 active=0 rft=1
[SMD] cyc=456027900 WR +1 val=000000 boot=0 cwr=0 mawff=0 wcwff=0
[SMD] cyc=456028011 WR +1 val=177670 boot=0 cwr=0 mawff=1 wcwff=0
[SMD] cyc=456028145 RD +0 -> 177670 boot=0 active=0 rft=1
[SMD] cyc=456028289 RD +0 -> 000000 boot=0 active=0 rft=1
[SMD] cyc=456028798 WR +1 val=000000 boot=0 cwr=0 mawff=0 wcwff=0
[SMD] cyc=456028909 WR +1 val=177671 boot=0 cwr=0 mawff=1 wcwff=0
[SMD] cyc=456029041 RD +0 -> 177671 boot=0 active=0 rft=1
[SMD] cyc=456029192 RD +0 -> 000000 boot=0 active=0 rft=1
[SMD] cyc=456035446 WR +1 val=000000 boot=0 cwr=0 mawff=0 wcwff=0
[SMD] cyc=456035557 WR +1 val=177672 boot=0 cwr=0 mawff=1 wcwff=0
[SMD] cyc=456035689 RD +0 -> 177672 boot=0 active=0 rft=1
[SMD] cyc=456035841 RD +0 -> 000000 boot=0 active=0 rft=1
[SMD] cyc=456036345 WR +1 val=000000 boot=0 cwr=0 mawff=0 wcwff=0
[SMD] cyc=456036456 WR +1 val=177673 boot=0 cwr=0 mawff=1 wcwff=0
[SMD] cyc=456036588 RD +0 -> 177673 boot=0 active=0 rft=1
[SMD] cyc=456036732 RD +0 -> 000000 boot=0 active=0 rft=1
[SMD] cyc=456037235 WR +1 val=000000 boot=0 cwr=0 mawff=0 wcwff=0
[SMD] cyc=456037352 WR +1 val=177674 boot=0 cwr=0 mawff=1 wcwff=0
[SMD] cyc=456037484 RD +0 -> 177674 boot=0 active=0 rft=1
[SMD] cyc=456037628 RD +0 -> 000000 boot=0 active=0 rft=1
[SMD] cyc=456043892 WR +1 val=000000 boot=0 cwr=0 mawff=0 wcwff=0
[SMD] cyc=456044008 WR +1 val=177675 boot=0 cwr=0 mawff=1 wcwff=0
[SMD] cyc=456044140 RD +0 -> 177675 boot=0 active=0 rft=1
[SMD] cyc=456044284 RD +0 -> 000000 boot=0 active=0 rft=1
[SMD] cyc=456044787 WR +1 val=000000 boot=0 cwr=0 mawff=0 wcwff=0
[SMD] cyc=456044898 WR +1 val=177676 boot=0 cwr=0 mawff=1 wcwff=0
[SMD] cyc=456045036 RD +0 -> 177676 boot=0 active=0 rft=1
[SMD] cyc=456045180 RD +0 -> 000000 boot=0 active=0 rft=1
[SMD] cyc=456045683 WR +1 val=000000 boot=0 cwr=0 mawff=0 wcwff=0
[SMD] cyc=456045794 WR +1 val=177677 boot=0 cwr=0 mawff=1 wcwff=0
[SMD] cyc=456045926 RD +0 -> 177677 boot=0 active=0 rft=1
[SMD] cyc=456046078 RD +0 -> 000000 boot=0 active=0 rft=1
[SMD] cyc=456052350 WR +1 val=000000 boot=0 cwr=0 mawff=0 wcwff=0
[SMD] cyc=456052461 WR +1 val=177700 boot=0 cwr=0 mawff=1 wcwff=0
[SMD] cyc=456052593 RD +0 -> 177700 boot=0 active=0 rft=1
[SMD] cyc=456052744 RD +0 -> 000000 boot=0 active=0 rft=1
[SMD] cyc=456053247 WR +1 val=000000 boot=0 cwr=0 mawff=0 wcwff=0
[SMD] cyc=456053358 WR +1 val=177701 boot=0 cwr=0 mawff=1 wcwff=0
[SMD] cyc=456053490 RD +0 -> 177701 boot=0 active=0 rft=1
[SMD] cyc=456053634 RD +0 -> 000000 boot=0 active=0 rft=1
[SMD] cyc=456054142 WR +1 val=000000 boot=0 cwr=0 mawff=0 wcwff=0
[SMD] cyc=456054255 WR +1 val=177702 boot=0 cwr=0 mawff=1 wcwff=0
[SMD] cyc=456054387 RD +0 -> 177702 boot=0 active=0 rft=1
[SMD] cyc=456060294 RD +0 -> 000000 boot=0 active=0 rft=1
[SMD] cyc=456060798 WR +1 val=000000 boot=0 cwr=0 mawff=0 wcwff=0
[SMD] cyc=456060911 WR +1 val=177703 boot=0 cwr=0 mawff=1 wcwff=0
[SMD] cyc=456061043 RD +0 -> 177703 boot=0 active=0 rft=1
[SMD] cyc=456061187 RD +0 -> 000000 boot=0 active=0 rft=1
[SMD] cyc=456061692 WR +1 val=000000 boot=0 cwr=0 mawff=0 wcwff=0
[SMD] cyc=456061803 WR +1 val=177704 boot=0 cwr=0 mawff=1 wcwff=0
[SMD] cyc=456061937 RD +0 -> 177704 boot=0 active=0 rft=1
[SMD] cyc=456062081 RD +0 -> 000000 boot=0 active=0 rft=1
[SMD] cyc=456062590 WR +1 val=000000 boot=0 cwr=0 mawff=0 wcwff=0
[SMD] cyc=456069453 WR +1 val=177705 boot=0 cwr=0 mawff=1 wcwff=0
[SMD] cyc=456069585 RD +0 -> 177705 boot=0 active=0 rft=1
[SMD] cyc=456069729 RD +0 -> 000000 boot=0 active=0 rft=1
[SMD] cyc=456070236 WR +1 val=000000 boot=0 cwr=0 mawff=0 wcwff=0
[SMD] cyc=456070347 WR +1 val=177706 boot=0 cwr=0 mawff=1 wcwff=0
[SMD] cyc=456070479 RD +0 -> 177706 boot=0 active=0 rft=1
[SMD] cyc=456070623 RD +0 -> 000000 boot=0 active=0 rft=1
[SMD] cyc=456076881 WR +1 val=000000 boot=0 cwr=0 mawff=0 wcwff=0
[SMD] cyc=456076992 WR +1 val=177707 boot=0 cwr=0 mawff=1 wcwff=0
[SMD] cyc=456077124 RD +0 -> 177707 boot=0 active=0 rft=1
[SMD] cyc=456077268 RD +0 -> 000000 boot=0 active=0 rft=1
[SMD] cyc=456077769 WR +1 val=000000 boot=0 cwr=0 mawff=0 wcwff=0
[SMD] cyc=456077880 WR +1 val=177710 boot=0 cwr=0 mawff=1 wcwff=0
[SMD] cyc=456078012 RD +0 -> 177710 boot=0 active=0 rft=1
[SMD] cyc=456078156 RD +0 -> 000000 boot=0 active=0 rft=1
[SMD] cyc=456078665 WR +1 val=000000 boot=0 cwr=0 mawff=0 wcwff=0
[SMD] cyc=456078776 WR +1 val=177711 boot=0 cwr=0 mawff=1 wcwff=0
[SMD] cyc=456078908 RD +0 -> 177711 boot=0 active=0 rft=1
[SMD] cyc=456079052 RD +0 -> 000000 boot=0 active=0 rft=1
[SMD] cyc=456085323 WR +1 val=000000 boot=0 cwr=0 mawff=0 wcwff=0
[SMD] cyc=456085434 WR +1 val=177712 boot=0 cwr=0 mawff=1 wcwff=0
[SMD] cyc=456085566 RD +0 -> 177712 boot=0 active=0 rft=1
[SMD] cyc=456085710 RD +0 -> 000000 boot=0 active=0 rft=1
[SMD] cyc=456086213 WR +1 val=000000 boot=0 cwr=0 mawff=0 wcwff=0
[SMD] cyc=456086324 WR +1 val=177713 boot=0 cwr=0 mawff=1 wcwff=0
[SMD] cyc=456086456 RD +0 -> 177713 boot=0 active=0 rft=1
[SMD] cyc=456086600 RD +0 -> 000000 boot=0 active=0 rft=1
[SMD] cyc=456087108 WR +1 val=000000 boot=0 cwr=0 mawff=0 wcwff=0
[SMD] cyc=456087219 WR +1 val=177714 boot=0 cwr=0 mawff=1 wcwff=0
[SMD] cyc=456087351 RD +0 -> 177714 boot=0 active=0 rft=1
[SMD] cyc=456093256 RD +0 -> 000000 boot=0 active=0 rft=1
[SMD] cyc=456093764 WR +1 val=000000 boot=0 cwr=0 mawff=0 wcwff=0
[SMD] cyc=456093875 WR +1 val=177715 boot=0 cwr=0 mawff=1 wcwff=0
[SMD] cyc=456094007 RD +0 -> 177715 boot=0 active=0 rft=1
[SMD] cyc=456094151 RD +0 -> 000000 boot=0 active=0 rft=1
[SMD] cyc=456094652 WR +1 val=000000 boot=0 cwr=0 mawff=0 wcwff=0
[SMD] cyc=456094763 WR +1 val=177716 boot=0 cwr=0 mawff=1 wcwff=0
[SMD] cyc=456094895 RD +0 -> 177716 boot=0 active=0 rft=1
[SMD] cyc=456095039 RD +0 -> 000000 boot=0 active=0 rft=1
[SMD] cyc=456095542 WR +1 val=000000 boot=0 cwr=0 mawff=0 wcwff=0
[SMD] cyc=456095655 WR +1 val=177717 boot=0 cwr=0 mawff=1 wcwff=0
[SMD] cyc=456101539 RD +0 -> 177717 boot=0 active=0 rft=1
[SMD] cyc=456101683 RD +0 -> 000000 boot=0 active=0 rft=1
[SMD] cyc=456102191 WR +1 val=000000 boot=0 cwr=0 mawff=0 wcwff=0
[SMD] cyc=456102311 WR +1 val=177720 boot=0 cwr=0 mawff=1 wcwff=0
[SMD] cyc=456102443 RD +0 -> 177720 boot=0 active=0 rft=1
[SMD] cyc=456102587 RD +0 -> 000000 boot=0 active=0 rft=1
[SMD] cyc=456103090 WR +1 val=000000 boot=0 cwr=0 mawff=0 wcwff=0
[SMD] cyc=456103201 WR +1 val=177721 boot=0 cwr=0 mawff=1 wcwff=0
[SMD] cyc=456103339 RD +0 -> 177721 boot=0 active=0 rft=1
[SMD] cyc=456103483 RD +0 -> 000000 boot=0 active=0 rft=1
[SMD] cyc=456109756 WR +1 val=000000 boot=0 cwr=0 mawff=0 wcwff=0
[SMD] cyc=456109867 WR +1 val=177722 boot=0 cwr=0 mawff=1 wcwff=0
[SMD] cyc=456109999 RD +0 -> 177722 boot=0 active=0 rft=1
[SMD] cyc=456110143 RD +0 -> 000000 boot=0 active=0 rft=1
[SMD] cyc=456110646 WR +1 val=000000 boot=0 cwr=0 mawff=0 wcwff=0
[SMD] cyc=456110757 WR +1 val=177723 boot=0 cwr=0 mawff=1 wcwff=0
[SMD] cyc=456110889 RD +0 -> 177723 boot=0 active=0 rft=1
[SMD] cyc=456111033 RD +0 -> 000000 boot=0 active=0 rft=1
[SMD] cyc=456111534 WR +1 val=000000 boot=0 cwr=0 mawff=0 wcwff=0
[SMD] cyc=456111645 WR +1 val=177724 boot=0 cwr=0 mawff=1 wcwff=0
[SMD] cyc=456111777 RD +0 -> 177724 boot=0 active=0 rft=1
[SMD] cyc=456111921 RD +0 -> 000000 boot=0 active=0 rft=1
[SMD] cyc=456118203 WR +1 val=000000 boot=0 cwr=0 mawff=0 wcwff=0
[SMD] cyc=456118314 WR +1 val=177725 boot=0 cwr=0 mawff=1 wcwff=0
[SMD] cyc=456118446 RD +0 -> 177725 boot=0 active=0 rft=1
[SMD] cyc=456118590 RD +0 -> 000000 boot=0 active=0 rft=1
[SMD] cyc=456119093 WR +1 val=000000 boot=0 cwr=0 mawff=0 wcwff=0
[SMD] cyc=456119207 WR +1 val=177726 boot=0 cwr=0 mawff=1 wcwff=0
[SMD] cyc=456119339 RD +0 -> 177726 boot=0 active=0 rft=1
[SMD] cyc=456119483 RD +0 -> 000000 boot=0 active=0 rft=1
[SMD] cyc=456119986 WR +1 val=000000 boot=0 cwr=0 mawff=0 wcwff=0
[SMD] cyc=456120097 WR +1 val=177727 boot=0 cwr=0 mawff=1 wcwff=0
[SMD] cyc=456120235 RD +0 -> 177727 boot=0 active=0 rft=1
[SMD] cyc=456120379 RD +0 -> 000000 boot=0 active=0 rft=1
[SMD] cyc=456126659 WR +1 val=000000 boot=0 cwr=0 mawff=0 wcwff=0
[SMD] cyc=456126770 WR +1 val=177730 boot=0 cwr=0 mawff=1 wcwff=0
[SMD] cyc=456126902 RD +0 -> 177730 boot=0 active=0 rft=1
[SMD] cyc=456127046 RD +0 -> 000000 boot=0 active=0 rft=1
[SMD] cyc=456127556 WR +1 val=000000 boot=0 cwr=0 mawff=0 wcwff=0
[SMD] cyc=456127667 WR +1 val=177731 boot=0 cwr=0 mawff=1 wcwff=0
[SMD] cyc=456127799 RD +0 -> 177731 boot=0 active=0 rft=1
[SMD] cyc=456127943 RD +0 -> 000000 boot=0 active=0 rft=1
[SMD] cyc=456128444 WR +1 val=000000 boot=0 cwr=0 mawff=0 wcwff=0
[SMD] cyc=456128555 WR +1 val=177732 boot=0 cwr=0 mawff=1 wcwff=0
[SMD] cyc=456128687 RD +0 -> 177732 boot=0 active=0 rft=1
[SMD] cyc=456134585 RD +0 -> 000000 boot=0 active=0 rft=1
[SMD] cyc=456135086 WR +1 val=000000 boot=0 cwr=0 mawff=0 wcwff=0
[SMD] cyc=456135197 WR +1 val=177733 boot=0 cwr=0 mawff=1 wcwff=0
[SMD] cyc=456135329 RD +0 -> 177733 boot=0 active=0 rft=1
[SMD] cyc=456135473 RD +0 -> 000000 boot=0 active=0 rft=1
[SMD] cyc=456135983 WR +1 val=000000 boot=0 cwr=0 mawff=0 wcwff=0
[SMD] cyc=456136103 WR +1 val=177734 boot=0 cwr=0 mawff=1 wcwff=0
[SMD] cyc=456136235 RD +0 -> 177734 boot=0 active=0 rft=1
[SMD] cyc=456136379 RD +0 -> 000000 boot=0 active=0 rft=1
[SMD] cyc=456136882 WR +1 val=000000 boot=0 cwr=0 mawff=0 wcwff=0
[SMD] cyc=456136993 WR +1 val=177735 boot=0 cwr=0 mawff=1 wcwff=0
[SMD] cyc=456142895 RD +0 -> 177735 boot=0 active=0 rft=1
[SMD] cyc=456143039 RD +0 -> 000000 boot=0 active=0 rft=1
[SMD] cyc=456143542 WR +1 val=000000 boot=0 cwr=0 mawff=0 wcwff=0
[SMD] cyc=456143653 WR +1 val=177736 boot=0 cwr=0 mawff=1 wcwff=0
[SMD] cyc=456143787 RD +0 -> 177736 boot=0 active=0 rft=1
[SMD] cyc=456143931 RD +0 -> 000000 boot=0 active=0 rft=1
[SMD] cyc=456144435 WR +1 val=000000 boot=0 cwr=0 mawff=0 wcwff=0
[SMD] cyc=456144546 WR +1 val=177737 boot=0 cwr=0 mawff=1 wcwff=0
[SMD] cyc=456144678 RD +0 -> 177737 boot=0 active=0 rft=1
[SMD] cyc=456144822 RD +0 -> 000000 boot=0 active=0 rft=1
[SMD] cyc=456151083 WR +1 val=000000 boot=0 cwr=0 mawff=0 wcwff=0
[SMD] cyc=456151194 WR +1 val=177740 boot=0 cwr=0 mawff=1 wcwff=0
[SMD] cyc=456151326 RD +0 -> 177740 boot=0 active=0 rft=1
[SMD] cyc=456151470 RD +0 -> 000000 boot=0 active=0 rft=1
[SMD] cyc=456151975 WR +1 val=000000 boot=0 cwr=0 mawff=0 wcwff=0
[SMD] cyc=456152086 WR +1 val=177741 boot=0 cwr=0 mawff=1 wcwff=0
[SMD] cyc=456152218 RD +0 -> 177741 boot=0 active=0 rft=1
[SMD] cyc=456152362 RD +0 -> 000000 boot=0 active=0 rft=1
[SMD] cyc=456152865 WR +1 val=000000 boot=0 cwr=0 mawff=0 wcwff=0
[SMD] cyc=456152976 WR +1 val=177742 boot=0 cwr=0 mawff=1 wcwff=0
[SMD] cyc=456153108 RD +0 -> 177742 boot=0 active=0 rft=1
[SMD] cyc=456153252 RD +0 -> 000000 boot=0 active=0 rft=1
[SMD] cyc=456159508 WR +1 val=000000 boot=0 cwr=0 mawff=0 wcwff=0
[SMD] cyc=456159619 WR +1 val=177743 boot=0 cwr=0 mawff=1 wcwff=0
[SMD] cyc=456159758 RD +0 -> 177743 boot=0 active=0 rft=1
[SMD] cyc=456159902 RD +0 -> 000000 boot=0 active=0 rft=1
[SMD] cyc=456160405 WR +1 val=000000 boot=0 cwr=0 mawff=0 wcwff=0
[SMD] cyc=456160516 WR +1 val=177744 boot=0 cwr=0 mawff=1 wcwff=0
[SMD] cyc=456160648 RD +0 -> 177744 boot=0 active=0 rft=1
[SMD] cyc=456160793 RD +0 -> 000000 boot=0 active=0 rft=1
[SMD] cyc=456161294 WR +1 val=000000 boot=0 cwr=0 mawff=0 wcwff=0
[SMD] cyc=456161405 WR +1 val=177745 boot=0 cwr=0 mawff=1 wcwff=0
[SMD] cyc=456161537 RD +0 -> 177745 boot=0 active=0 rft=1
[SMD] cyc=456161681 RD +0 -> 000000 boot=0 active=0 rft=1
[SMD] cyc=456167946 WR +1 val=000000 boot=0 cwr=0 mawff=0 wcwff=0
[SMD] cyc=456168057 WR +1 val=177746 boot=0 cwr=0 mawff=1 wcwff=0
[SMD] cyc=456168189 RD +0 -> 177746 boot=0 active=0 rft=1
[SMD] cyc=456168333 RD +0 -> 000000 boot=0 active=0 rft=1
[SMD] cyc=456168834 WR +1 val=000000 boot=0 cwr=0 mawff=0 wcwff=0
[SMD] cyc=456168953 WR +1 val=177747 boot=0 cwr=0 mawff=1 wcwff=0
[SMD] cyc=456169085 RD +0 -> 177747 boot=0 active=0 rft=1
[SMD] cyc=456169229 RD +0 -> 000000 boot=0 active=0 rft=1
[SMD] cyc=456169732 WR +1 val=000000 boot=0 cwr=0 mawff=0 wcwff=0
[SMD] cyc=456169843 WR +1 val=177750 boot=0 cwr=0 mawff=1 wcwff=0
[SMD] cyc=456169981 RD +0 -> 177750 boot=0 active=0 rft=1
[SMD] cyc=456175890 RD +0 -> 000000 boot=0 active=0 rft=1
[SMD] cyc=456176397 WR +1 val=000000 boot=0 cwr=0 mawff=0 wcwff=0
[SMD] cyc=456176508 WR +1 val=177751 boot=0 cwr=0 mawff=1 wcwff=0
[SMD] cyc=456176642 RD +0 -> 177751 boot=0 active=0 rft=1
[SMD] cyc=456176786 RD +0 -> 000000 boot=0 active=0 rft=1
[SMD] cyc=456177295 WR +1 val=000000 boot=0 cwr=0 mawff=0 wcwff=0
[SMD] cyc=456177406 WR +1 val=177752 boot=0 cwr=0 mawff=1 wcwff=0
[SMD] cyc=456177538 RD +0 -> 177752 boot=0 active=0 rft=1
[SMD] cyc=456177689 RD +0 -> 000000 boot=0 active=0 rft=1
[SMD] cyc=456178190 WR +1 val=000000 boot=0 cwr=0 mawff=0 wcwff=0
[SMD] cyc=456184053 WR +1 val=177753 boot=0 cwr=0 mawff=1 wcwff=0
[SMD] cyc=456184185 RD +0 -> 177753 boot=0 active=0 rft=1
[SMD] cyc=456184331 RD +0 -> 000000 boot=0 active=0 rft=1
[SMD] cyc=456184834 WR +1 val=000000 boot=0 cwr=0 mawff=0 wcwff=0
[SMD] cyc=456184945 WR +1 val=177754 boot=0 cwr=0 mawff=1 wcwff=0
[SMD] cyc=456185077 RD +0 -> 177754 boot=0 active=0 rft=1
[SMD] cyc=456185221 RD +0 -> 000000 boot=0 active=0 rft=1
[SMD] cyc=456185726 WR +1 val=000000 boot=0 cwr=0 mawff=0 wcwff=0
[SMD] cyc=456185839 WR +1 val=177755 boot=0 cwr=0 mawff=1 wcwff=0
[SMD] cyc=456185971 RD +0 -> 177755 boot=0 active=0 rft=1
[SMD] cyc=456186115 RD +0 -> 000000 boot=0 active=0 rft=1
[SMD] cyc=456192391 WR +1 val=000000 boot=0 cwr=0 mawff=0 wcwff=0
[SMD] cyc=456192505 WR +1 val=177756 boot=0 cwr=0 mawff=1 wcwff=0
[SMD] cyc=456192637 RD +0 -> 177756 boot=0 active=0 rft=1
[SMD] cyc=456192781 RD +0 -> 000000 boot=0 active=0 rft=1
[SMD] cyc=456193284 WR +1 val=000000 boot=0 cwr=0 mawff=0 wcwff=0
[SMD] cyc=456193395 WR +1 val=177757 boot=0 cwr=0 mawff=1 wcwff=0
[SMD] cyc=456193533 RD +0 -> 177757 boot=0 active=0 rft=1
[SMD] cyc=456193677 RD +0 -> 000000 boot=0 active=0 rft=1
[SMD] cyc=456194180 WR +1 val=000000 boot=0 cwr=0 mawff=0 wcwff=0
[SMD] cyc=456194291 WR +1 val=177760 boot=0 cwr=0 mawff=1 wcwff=0
[SMD] cyc=456194423 RD +0 -> 177760 boot=0 active=0 rft=1
[SMD] cyc=456194569 RD +0 -> 000000 boot=0 active=0 rft=1
[SMD] cyc=456200830 WR +1 val=000000 boot=0 cwr=0 mawff=0 wcwff=0
[SMD] cyc=456200941 WR +1 val=177761 boot=0 cwr=0 mawff=1 wcwff=0
[SMD] cyc=456201073 RD +0 -> 177761 boot=0 active=0 rft=1
[SMD] cyc=456201224 RD +0 -> 000000 boot=0 active=0 rft=1
[SMD] cyc=456201727 WR +1 val=000000 boot=0 cwr=0 mawff=0 wcwff=0
[SMD] cyc=456201838 WR +1 val=177762 boot=0 cwr=0 mawff=1 wcwff=0
[SMD] cyc=456201970 RD +0 -> 177762 boot=0 active=0 rft=1
[SMD] cyc=456202114 RD +0 -> 000000 boot=0 active=0 rft=1
[SMD] cyc=456202622 WR +1 val=000000 boot=0 cwr=0 mawff=0 wcwff=0
[SMD] cyc=456202735 WR +1 val=177763 boot=0 cwr=0 mawff=1 wcwff=0
[SMD] cyc=456202867 RD +0 -> 177763 boot=0 active=0 rft=1
[SMD] cyc=456208772 RD +0 -> 000000 boot=0 active=0 rft=1
[SMD] cyc=456209278 WR +1 val=000000 boot=0 cwr=0 mawff=0 wcwff=0
[SMD] cyc=456209391 WR +1 val=177764 boot=0 cwr=0 mawff=1 wcwff=0
[SMD] cyc=456209523 RD +0 -> 177764 boot=0 active=0 rft=1
[SMD] cyc=456209667 RD +0 -> 000000 boot=0 active=0 rft=1
[SMD] cyc=456210172 WR +1 val=000000 boot=0 cwr=0 mawff=0 wcwff=0
[SMD] cyc=456210283 WR +1 val=177765 boot=0 cwr=0 mawff=1 wcwff=0
[SMD] cyc=456210417 RD +0 -> 177765 boot=0 active=0 rft=1
[SMD] cyc=456210561 RD +0 -> 000000 boot=0 active=0 rft=1
[SMD] cyc=456211070 WR +1 val=000000 boot=0 cwr=0 mawff=0 wcwff=0
[SMD] cyc=456211181 WR +1 val=177766 boot=0 cwr=0 mawff=1 wcwff=0
[SMD] cyc=456217085 RD +0 -> 177766 boot=0 active=0 rft=1
[SMD] cyc=456217229 RD +0 -> 000000 boot=0 active=0 rft=1
[SMD] cyc=456217732 WR +1 val=000000 boot=0 cwr=0 mawff=0 wcwff=0
[SMD] cyc=456217843 WR +1 val=177767 boot=0 cwr=0 mawff=1 wcwff=0
[SMD] cyc=456217975 RD +0 -> 177767 boot=0 active=0 rft=1
[SMD] cyc=456218121 RD +0 -> 000000 boot=0 active=0 rft=1
[SMD] cyc=456218624 WR +1 val=000000 boot=0 cwr=0 mawff=0 wcwff=0
[SMD] cyc=456218735 WR +1 val=177770 boot=0 cwr=0 mawff=1 wcwff=0
[SMD] cyc=456218867 RD +0 -> 177770 boot=0 active=0 rft=1
[SMD] cyc=456219011 RD +0 -> 000000 boot=0 active=0 rft=1
[SMD] cyc=456225282 WR +1 val=000000 boot=0 cwr=0 mawff=0 wcwff=0
[SMD] cyc=456225393 WR +1 val=177771 boot=0 cwr=0 mawff=1 wcwff=0
[SMD] cyc=456225525 RD +0 -> 177771 boot=0 active=0 rft=1
[SMD] cyc=456225669 RD +0 -> 000000 boot=0 active=0 rft=1
[SMD] cyc=456226174 WR +1 val=000000 boot=0 cwr=0 mawff=0 wcwff=0
[SMD] cyc=456226287 WR +1 val=177772 boot=0 cwr=0 mawff=1 wcwff=0
[SMD] cyc=456226419 RD +0 -> 177772 boot=0 active=0 rft=1
[SMD] cyc=456226563 RD +0 -> 000000 boot=0 active=0 rft=1
[SMD] cyc=456227068 WR +1 val=000000 boot=0 cwr=0 mawff=0 wcwff=0
[SMD] cyc=456227179 WR +1 val=177773 boot=0 cwr=0 mawff=1 wcwff=0
[SMD] cyc=456227313 RD +0 -> 177773 boot=0 active=0 rft=1
[SMD] cyc=456227457 RD +0 -> 000000 boot=0 active=0 rft=1
[SMD] cyc=456233716 WR +1 val=000000 boot=0 cwr=0 mawff=0 wcwff=0
[SMD] cyc=456233827 WR +1 val=177774 boot=0 cwr=0 mawff=1 wcwff=0
[SMD] cyc=456233964 RD +0 -> 177774 boot=0 active=0 rft=1
[SMD] cyc=456234108 RD +0 -> 000000 boot=0 active=0 rft=1
[SMD] cyc=456234611 WR +1 val=000000 boot=0 cwr=0 mawff=0 wcwff=0
[SMD] cyc=456234722 WR +1 val=177775 boot=0 cwr=0 mawff=1 wcwff=0
[SMD] cyc=456234854 RD +0 -> 177775 boot=0 active=0 rft=1
[SMD] cyc=456235006 RD +0 -> 000000 boot=0 active=0 rft=1
[SMD] cyc=456235513 WR +1 val=000000 boot=0 cwr=0 mawff=0 wcwff=0
[SMD] cyc=456235624 WR +1 val=177776 boot=0 cwr=0 mawff=1 wcwff=0
[SMD] cyc=456235756 RD +0 -> 177776 boot=0 active=0 rft=1
[SMD] cyc=456235900 RD +0 -> 000000 boot=0 active=0 rft=1
[SMD] cyc=456242156 WR +1 val=000000 boot=0 cwr=0 mawff=0 wcwff=0
[SMD] cyc=456242267 WR +1 val=177777 boot=0 cwr=0 mawff=1 wcwff=0
[SMD] cyc=456242399 RD +0 -> 177777 boot=0 active=0 rft=1
[SMD] cyc=456242543 RD +0 -> 000000 boot=0 active=0 rft=1
[SMD] cyc=516231883 WR +5 val=000000 boot=0 cwr=0 mawff=0 wcwff=0
[SMD] cyc=516231963 RD +4 -> 040010 boot=0 active=0 rft=1
[SMD] cyc=516232280 WR +5 val=000010 boot=0 cwr=0 mawff=0 wcwff=0
[SMD] cyc=516232414 WR +5 val=000010 boot=0 cwr=0 mawff=0 wcwff=0
[SMD] cyc=516232518 RD +4 -> 040010 boot=0 active=0 rft=1
[SMD] cyc=516232803 RD +2 -> 010000 boot=0 active=0 rft=1
[SMD] cyc=516232976 WR +5 val=100000 boot=0 cwr=0 mawff=0 wcwff=0
[SMD] cyc=516233159 RD +4 -> 134000 boot=0 active=0 rft=1
[SMD] cyc=516248930 WR +5 val=010020 boot=0 cwr=1 mawff=0 wcwff=0
[SMD] cyc=516249034 RD +4 -> 040000 boot=0 active=0 rft=0
[SMD] cyc=516249210 WR +3 val=000000 boot=0 cwr=0 mawff=0 wcwff=0
[SMD] cyc=516249365 WR +5 val=110000 boot=0 cwr=0 mawff=0 wcwff=0
[SMD] cyc=516249747 WR +3 val=001465 boot=0 cwr=1 mawff=0 wcwff=0
[SMD] cyc=516249919 WR +5 val=110000 boot=0 cwr=1 mawff=0 wcwff=0
[SMD] cyc=516250046 WR +7 val=000001 boot=0 cwr=1 mawff=0 wcwff=0
[SMD] cyc=516250156 WR +5 val=010000 boot=0 cwr=1 mawff=0 wcwff=0
[SMD] cyc=516250290 WR +1 val=000000 boot=0 cwr=0 mawff=0 wcwff=0
[SMD] cyc=516250400 WR +1 val=000000 boot=0 cwr=0 mawff=1 wcwff=0
[SMD] cyc=516250510 WR +7 val=000000 boot=0 cwr=0 mawff=0 wcwff=0
[SMD] cyc=516256392 WR +7 val=001000 boot=0 cwr=0 mawff=0 wcwff=1
[SMD] cyc=516256519 WR +5 val=010005 boot=0 cwr=0 mawff=0 wcwff=0
[SMD] cyc=516256623 RD +4 -> 040005 boot=0 active=1 rft=0
[SMD] cyc=516397564 RD +4 -> 040005 boot=0 active=1 rft=0
[SMD] cyc=516538641 RD +4 -> 040005 boot=0 active=1 rft=0
[SMD] cyc=516686254 RD +4 -> 040005 boot=0 active=1 rft=0
[SMD] cyc=516827323 RD +4 -> 040005 boot=0 active=1 rft=0
[SMD] cyc=516968184 RD +4 -> 040005 boot=0 active=1 rft=0
[SMD] cyc=517116076 RD +4 -> 040011 boot=0 active=0 rft=1
[SMD] cyc=517116239 RD +4 -> 040011 boot=0 active=0 rft=1
